HMX_QK_I8_OPERATOR_1.0 {
    global:
        hmx_qk_i8_operator_api_version;
        hmx_qk_i8_operator_get_info;
        hmx_i8_create;
        hmx_i8_destroy;
        hmx_qk_i8_operator_matmul;
        hmx_qk_i8_operator_query_data;
        hmx_qk_i8_operator_key_data;
        hmx_qk_i8_operator_key_sums_data;
        hmx_qk_i8_operator_scores_data;
        hmx_qk_i8_operator_topk_indices_data;
        hmx_qk_i8_operator_raw_query_data;
        hmx_qk_i8_operator_raw_key_data;
        hmx_qk_i8_operator_profile_raw_scales_hn;
        hmx_qk_i8_operator_profile_raw_scales_incremental_hn;
        hmx_qk_i8_operator_last_dsp_timing;
        hmx_qk_i8_operator_prepare_raw_key_hn;
        hmx_qk_i8_operator_prepare_raw_key_scaled_hn;
        hmx_qk_i8_operator_execute_raw_hn;
        hmx_qk_i8_operator_prepare_execute_raw_hn;
        hmx_qk_i8_operator_prepare_execute_raw_per_head_hn;
        hmx_qk_i8_operator_prepare_execute_raw_per_head_requant_hn;
        hmx_qk_i8_operator_cpu_pack_ready_data;
        hmx_qk_i8_operator_execute_cpu_packed_per_head_hn;
        hmx_qk_i8_operator_execute_raw_scaled_hn;
        hmx_qk_i8_operator_execute_raw_dynamic_hn;
        hmx_qk_i8_operator_execute_raw_i32_topk_hn;
        hmx_qk_i8_operator_begin;
        hmx_qk_i8_operator_end;
        hmx_qk_i8_operator_execute_hn;
        hmx_qk_i8_operator_matmul_hn;
        hmx_i8_status_string;
    local:
        *;
};
